
> protege-plataforma@2.0.0 build
> next build

  Ôû▓ Next.js 14.2.0

   Creating an optimized production build ...
 Ô£ô Compiled successfully
   Linting and checking validity of types ...
   Collecting page data ...
node.exe : 
No C:\Program Files\nodejs\npm.ps1:29 caractere:3
+   & $NODE_EXE $NPM_CLI_JS $args
+   ~~~~~~~~~~~~~~~~~~~~~~~~~~~~~
    + CategoryInfo          : NotSpecified: (:String) [], RemoteException
    + FullyQualifiedErrorId : NativeCommandError
 
> Build error occurred
Error: Page "/catalogo/[id]" is missing "generateStaticParams()" so it cannot be 
used with "output: export" config.
    at C:\Users\eduar\OneDrive\Documentos\GitHub\calculo\node_modules\next\dist\bu
ild\index.js:1294:59
    at process.processTicksAndRejections (node:internal/process/task_queues:105:5)
    at async Span.traceAsyncFn (C:\Users\eduar\OneDrive\Documentos\GitHub\calculo\
node_modules\next\dist\trace\trace.js:154:20)
    at async Promise.all (index 4)
    at async C:\Users\eduar\OneDrive\Documentos\GitHub\calculo\node_modules\next\d
ist\build\index.js:1172:17
    at async Span.traceAsyncFn (C:\Users\eduar\OneDrive\Documentos\GitHub\calculo\
node_modules\next\dist\trace\trace.js:154:20)
    at async C:\Users\eduar\OneDrive\Documentos\GitHub\calculo\node_modules\next\d
ist\build\index.js:1095:124
    at async Span.traceAsyncFn (C:\Users\eduar\OneDrive\Documentos\GitHub\calculo\
node_modules\next\dist\trace\trace.js:154:20)
    at async build (C:\Users\eduar\OneDrive\Documentos\GitHub\calculo\node_modules
\next\dist\build\index.js:366:9)
